[Licensing::Module] Trying to connect to existing licensing client channel...
Built from '6000.3/staging' branch; Version is '6000.3.7f1 (696ec25a53d1) revision 6909634'; Using compiler version '194234433'; Build Type 'Release'
OS: 'Windows 11  (10.0.26100) CoreCountrySpecific' Language: 'zh' Physical Memory: 16064 MB
[Licensing::IpcConnector] Successfully connected to: "LicenseClient-sky" at "2026-08-15T17:07:25.5046441Z"
BatchMode: 1, IsHumanControllingUs: 0, StartBugReporterOnCrash: 0, Is64bit: 1
System  architecture: x64
Process architecture: x64
Date: 2026-08-15T17:07:25Z

COMMAND LINE ARGUMENTS:
D:\6000.3.7f1\Editor\Unity.exe
-batchmode
-accept-apiupdate
-force-d3d11
-projectPath
D:\Unity\MusicProgram
-executeMethod
MusicProgram.CrestURP.Editor.CrestURPShowcaseBuilder.BuildShowcase
-quit
-logFile
D:\Unity\MusicProgram\CrestURPBatchBuild-Physical.log
Successfully changed project path to: D:\Unity\MusicProgram
D:/Unity/MusicProgram
[UnityMemory] Configuration Parameters - Can be set up in boot.config
    "memorysetup-temp-allocator-size-nav-mesh-worker=65536"
    "memorysetup-temp-allocator-size-audio-worker=65536"
    "memorysetup-temp-allocator-size-gfx=262144"
    "memorysetup-allocator-temp-initial-block-size-main=262144"
    "memorysetup-allocator-temp-initial-block-size-worker=262144"
    "memorysetup-temp-allocator-size-background-worker=32768"
    "memorysetup-temp-allocator-size-job-worker=262144"
    "memorysetup-temp-allocator-size-preload-manager=33554432"
    "memorysetup-temp-allocator-size-gi-baking-worker=262144"
    "memorysetup-temp-allocator-size-gi-baking-worker=262144"
    "memorysetup-temp-allocator-size-gi-baking-worker=262144"
    "memorysetup-temp-allocator-size-gi-baking-worker=262144"
    "memorysetup-temp-allocator-size-gi-baking-worker=262144"
    "memorysetup-bucket-allocator-granularity=16"
    "memorysetup-bucket-allocator-bucket-count=8"
    "memorysetup-bucket-allocator-block-size=33554432"
    "memorysetup-bucket-allocator-block-count=8"
    "memorysetup-main-allocator-block-size=16777216"
    "memorysetup-thread-allocator-block-size=16777216"
    "memorysetup-gfx-main-allocator-block-size=16777216"
    "memorysetup-gfx-thread-allocator-block-size=16777216"
    "memorysetup-cache-allocator-block-size=4194304"
    "memorysetup-typetree-allocator-block-size=2097152"
    "memorysetup-profiler-bucket-allocator-granularity=16"
    "memorysetup-profiler-bucket-allocator-bucket-count=8"
    "memorysetup-profiler-bucket-allocator-block-size=33554432"
    "memorysetup-profiler-bucket-allocator-block-count=8"
    "memorysetup-profiler-allocator-block-size=16777216"
    "memorysetup-profiler-editor-allocator-block-size=1048576"
    "memorysetup-temp-allocator-size-main=16777216"
    "memorysetup-job-temp-allocator-block-size=2097152"
    "memorysetup-job-temp-allocator-block-size-background=1048576"
    "memorysetup-job-temp-allocator-reduction-small-platforms=262144"
    "memorysetup-temp-allocator-size-cloud-worker=32768"
Player connection [10792]  Target information:

Player connection [10792]  * "[IP] 10.111.222.1 [Port] 55504 [Flags] 2 [Guid] 2403287637 [EditorId] 2403287637 [Version] 1048832 [Id] WindowsEditor(7,LAPTOP-IMVTMRTI) [Debug] 1 [PackageName] WindowsEditor [ProjectName] Editor" 

Player connection [10792]  * "[IP] 192.168.1.17 [Port] 55504 [Flags] 2 [Guid] 2403287637 [EditorId] 2403287637 [Version] 1048832 [Id] WindowsEditor(7,LAPTOP-IMVTMRTI) [Debug] 1 [PackageName] WindowsEditor [ProjectName] Editor" 

Player connection [10792] Host joined multi-casting on [225.0.0.222:54997]...
Player connection [10792] Host joined alternative multi-casting on [225.0.0.222:34997]...
Input System module state changed to: Initialized.
[Physics::Module] Initialized fallback backend.
[Physics::Module] Id: 0xdecafbad
[Package Manager] Connected to IPC stream "Upm-37596" after 0.2 seconds.
[Licensing::Module] Licensing is not yet initialized.
[Licensing::Client] Handshaking with LicensingClient:
  Version:                 1.17.4+4293ba1
  Session Id:              a373023ff95d48e29463ce32ce0cf6d1
  Correlation Id:          05d8473e383ed6afe5c6b24e8d9fb853
  External correlation Id: 2486240070604916243
  Machine Id:              5UnFQpROGOfGDSAtBHZYa09mijo=
[Licensing::Module] Successfully connected to LicensingClient on channel: "LicenseClient-sky" (connect: 0.00s, validation: 0.00s, handshake: 1.52s)
[Licensing::IpcConnector] Successfully connected to: "LicenseClient-sky-notifications" at "2026-08-15T17:07:27.0232202Z"
[Licensing::Module] Error: Access token is unavailable; failed to update
[Licensing::Client] Successfully resolved entitlement details
[Licensing::Module] License group:
  Id: F4-HRTB-F4MD-W58T-3Y4S-XXXX
  Product: Unity Personal
  Type: ULF
  Expiration: 2026-08-17T05:38:19Z
[Licensing::Module] License group:
  Id: ewogICJzdWJzR3JvdXAiIDogInVuaXR5IGVkaXRvciIsCiAgIm5hbWVzcGFjZSIgOiAidW5pdHlfZWRpdG9yIiwKICAidHlwZSIgOiAiRURJVE9SIiwKICAidGFnIiA6ICJVbml0eVBlcnNvbmFsXXXX
  Product: Unity Personal Version
  Type: Assigned
  Expiration: Unlimited
[Licensing::Client] Successfully updated license, isAsync: True, time: 0.00
[Licensing::Client] Successfully resolved entitlement details
[Licensing::Module] License group:
  Id: F4-HRTB-F4MD-W58T-3Y4S-XXXX
  Product: Unity Personal
  Type: ULF
  Expiration: 2026-08-17T05:38:19Z
[Licensing::Module] License group:
  Id: ewogICJzdWJzR3JvdXAiIDogInVuaXR5IGVkaXRvciIsCiAgIm5hbWVzcGFjZSIgOiAidW5pdHlfZWRpdG9yIiwKICAidHlwZSIgOiAiRURJVE9SIiwKICAidGFnIiA6ICJVbml0eVBlcnNvbmFsXXXX
  Product: Unity Personal Version
  Type: Assigned
  Expiration: Unlimited
[Licensing::Module] Licensing Background thread has ended after 1.55s
[Licensing::Module] Licensing is initialized (took 1.16s).
[Licensing::Client] Successfully resolved entitlement details
[Licensing::Module] License group:
  Id: F4-HRTB-F4MD-W58T-3Y4S-XXXX
  Product: Unity Personal
  Type: ULF
  Expiration: 2026-08-17T05:38:19Z
[Licensing::Module] License group:
  Id: ewogICJzdWJzR3JvdXAiIDogInVuaXR5IGVkaXRvciIsCiAgIm5hbWVzcGFjZSIgOiAidW5pdHlfZWRpdG9yIiwKICAidHlwZSIgOiAiRURJVE9SIiwKICAidGFnIiA6ICJVbml0eVBlcnNvbmFsXXXX
  Product: Unity Personal Version
  Type: Assigned
  Expiration: Unlimited
Library Redirect Path: Library/
[Physics::Module] Selected backend.
[Physics::Module] Name: PhysX
[Physics::Module] Id: 0xf2b8ea05
[Physics::Module] SDK Version: 4.1.2
[Physics::Module] Integration Version: 1.0.0
[Physics::Module] Threading Mode: Multi-Threaded
Artifact Garbage Collection - Removed 23 unused hashed content files
Refreshing native plugins compatible for Editor in 0.57 ms, found 0 plugins.
Preloading 0 native plugins for Editor in 0.00 ms.
Initialize engine version: 6000.3.7f1 (696ec25a53d1)
[Subsystems] Discovering subsystems at path D:/6000.3.7f1/Editor/Data/Resources/UnitySubsystems
[Subsystems] Discovering subsystems at path D:/Unity/MusicProgram/Assets
Forcing GfxDevice: Direct3D 11
GfxDevice: creating device client; kGfxThreadingModeNonThreaded
Direct3D:
    Version:  Direct3D 11.0 [level 11.1]
    Renderer: NVIDIA GeForce RTX 4060 Laptop GPU (ID=0x28e0)
    Vendor:   NVIDIA
    VRAM:     7956 MB
    Driver:   32.0.16.1047
Initialize mono
Mono path[0] = 'D:/6000.3.7f1/Editor/Data/Managed'
Mono path[1] = 'D:/6000.3.7f1/Editor/Data/MonoBleedingEdge/lib/mono/unityjit-win32'
Mono config path = 'D:/6000.3.7f1/Editor/Data/MonoBleedingEdge/etc'
Using monoOptions --debugger-agent=transport=dt_socket,embedding=1,server=y,suspend=n,address=127.0.0.1:56596
Using cacheserver namespaces - metadata:defaultmetadata, artifacts:defaultartifacts
Using cacheserver namespaces - metadata:defaultmetadata, artifacts:defaultartifacts
ImportWorker Server TCP listen port: 0
AcceleratorClientConnectionCallback - disconnected - :0
Begin MonoManager ReloadAssembly
Registering precompiled unity dll's ...
Register platform support module: D:/6000.3.7f1/Editor/Data/PlaybackEngines/WindowsStandaloneSupport/UnityEditor.WindowsStandalone.Extensions.dll
Registered in 0.001258 seconds.
- Loaded All Assemblies, in  0.332 seconds
Native extension for WindowsStandalone target not found
ScheduleIndexationOnStartup MainProcess:False IndexOnStartup:True
Mono: successfully reloaded assembly
- Finished resetting the current domain, in  0.261 seconds
Domain Reload Profiling: 594ms
	BeginReloadAssembly (163ms)
		ExecutionOrderSort (0ms)
		DisableScriptedObjects (0ms)
		BackupInstance (0ms)
		ReleaseScriptingObjects (0ms)
		CreateAndSetChildDomain (35ms)
	RebuildCommonClasses (25ms)
	RebuildNativeTypeToScriptingClass (9ms)
	initialDomainReloadingComplete (26ms)
	LoadAllAssembliesAndSetupDomain (109ms)
		LoadAssemblies (128ms)
		RebuildTransferFunctionScriptingTraits (0ms)
		AnalyzeDomain (106ms)
			TypeCache.Refresh (105ms)
				TypeCache.ScanAssembly (95ms)
			BuildScriptInfoCaches (0ms)
			ResolveRequiredComponents (0ms)
	FinalizeReload (262ms)
		ReleaseScriptCaches (0ms)
		RebuildScriptCaches (0ms)
		SetupLoadedEditorAssemblies (236ms)
			LogAssemblyErrors (0ms)
			InitializePlatformSupportModulesInManaged (28ms)
			SetLoadedEditorAssemblies (3ms)
			BeforeProcessingInitializeOnLoad (55ms)
			ProcessInitializeOnLoadAttributes (97ms)
			ProcessInitializeOnLoadMethodAttributes (53ms)
			AfterProcessingInitializeOnLoad (0ms)
			EditorAssembliesLoaded (0ms)
		ExecutionOrderSort2 (0ms)
		AwakeInstancesAfterBackupRestoration (0ms)
[Licensing::Client] Successfully resolved entitlement details
[Licensing::Module] License group:
  Id: F4-HRTB-F4MD-W58T-3Y4S-XXXX
  Product: Unity Personal
  Type: ULF
  Expiration: 2026-08-17T05:38:19Z
[Licensing::Module] License group:
  Id: ewogICJzdWJzR3JvdXAiIDogInVuaXR5IGVkaXRvciIsCiAgIm5hbWVzcGFjZSIgOiAidW5pdHlfZWRpdG9yIiwKICAidHlwZSIgOiAiRURJVE9SIiwKICAidGFnIiA6ICJVbml0eVBlcnNvbmFsXXXX
  Product: Unity Personal Version
  Type: Assigned
  Expiration: Unlimited
Application.AssetDatabase Initial Refresh Start
Package Manager log level set to [2]
[Package Manager] Restoring resolved packages state from cache
[Licensing::Client] Successfully resolved entitlement details
[Package Manager] Registered 63 packages:
  Packages from [https://packages.unity.com]:
    com.unity.ai.navigation@2.0.9 (location: D:\Unity\MusicProgram\Library\PackageCache\com.unity.ai.navigation@5218e4bf7edc)
    com.unity.collab-proxy@2.12.4 (location: D:\Unity\MusicProgram\Library\PackageCache\com.unity.collab-proxy@0b1559bcd34e)
    com.unity.ide.rider@3.0.39 (location: D:\Unity\MusicProgram\Library\PackageCache\com.unity.ide.rider@4504839d03f7)
    com.unity.ide.visualstudio@2.0.26 (location: D:\Unity\MusicProgram\Library\PackageCache\com.unity.ide.visualstudio@a99d56dec63f)
    com.unity.inputsystem@1.18.0 (location: D:\Unity\MusicProgram\Library\PackageCache\com.unity.inputsystem@57d0e36f6123)
    com.unity.timeline@1.8.10 (location: D:\Unity\MusicProgram\Library\PackageCache\com.unity.timeline@7f8b2fb101b6)
    com.unity.visualscripting@1.9.9 (location: D:\Unity\MusicProgram\Library\PackageCache\com.unity.visualscripting@191c0d7e3b69)
    com.unity.xr.interaction.toolkit@3.3.1 (location: D:\Unity\MusicProgram\Library\PackageCache\com.unity.xr.interaction.toolkit@5f736ad4ccd8)
    com.unity.xr.management@4.5.4 (location: D:\Unity\MusicProgram\Library\PackageCache\com.unity.xr.management@e3a3882b360a)
    com.unity.xr.openxr@1.16.1 (location: D:\Unity\MusicProgram\Library\PackageCache\com.unity.xr.openxr@ef0033a586bf)
    com.unity.xr.core-utils@2.5.3 (location: D:\Unity\MusicProgram\Library\PackageCache\com.unity.xr.core-utils@f0450cbac8d6)
    com.unity.xr.legacyinputhelpers@2.1.13 (location: D:\Unity\MusicProgram\Library\PackageCache\com.unity.xr.legacyinputhelpers@9535ff2c27ac)
    com.unity.mathematics@1.3.3 (location: D:\Unity\MusicProgram\Library\PackageCache\com.unity.mathematics@19a9377c4ffa)
    com.unity.searcher@4.9.4 (location: D:\Unity\MusicProgram\Library\PackageCache\com.unity.searcher@d45a78918735)
    com.unity.burst@1.8.27 (location: D:\Unity\MusicProgram\Library\PackageCache\com.unity.burst@973857688024)
    com.unity.collections@2.6.2 (location: D:\Unity\MusicProgram\Library\PackageCache\com.unity.collections@aea9d3bd5e19)
    com.unity.nuget.mono-cecil@1.11.6 (location: D:\Unity\MusicProgram\Library\PackageCache\com.unity.nuget.mono-cecil@ecb9724e46ff)
    com.unity.test-framework.performance@3.2.0 (location: D:\Unity\MusicProgram\Library\PackageCache\com.unity.test-framework.performance@0840f58e4562)
  Built-in packages:
    com.unity.multiplayer.center@1.0.1 (location: D:\Unity\MusicProgram\Library\PackageCache\com.unity.multiplayer.center@f01f4ba8d00a)
    com.unity.render-pipelines.universal@17.3.0 (location: D:\Unity\MusicProgram\Library\PackageCache\com.unity.render-pipelines.universal@a6e30d1f59f5)
    com.unity.test-framework@1.6.0 (location: D:\Unity\MusicProgram\Library\PackageCache\com.unity.test-framework@0b7a23ab2e1d)
    com.unity.ugui@2.0.0 (location: D:\Unity\MusicProgram\Library\PackageCache\com.unity.ugui@11343a6274f3)
    com.unity.modules.accessibility@1.0.0 (location: D:\Unity\MusicProgram\Library\PackageCache\com.unity.modules.accessibility)
    com.unity.modules.adaptiveperformance@1.0.0 (location: D:\Unity\MusicProgram\Library\PackageCache\com.unity.modules.adaptiveperformance)
    com.unity.modules.ai@1.0.0 (location: D:\Unity\MusicProgram\Library\PackageCache\com.unity.modules.ai)
    com.unity.modules.androidjni@1.0.0 (location: D:\Unity\MusicProgram\Library\PackageCache\com.unity.modules.androidjni)
    com.unity.modules.animation@1.0.0 (location: D:\Unity\MusicProgram\Library\PackageCache\com.unity.modules.animation)
    com.unity.modules.assetbundle@1.0.0 (location: D:\Unity\MusicProgram\Library\PackageCache\com.unity.modules.assetbundle)
    com.unity.modules.audio@1.0.0 (location: D:\Unity\MusicProgram\Library\PackageCache\com.unity.modules.audio)
    com.unity.modules.cloth@1.0.0 (location: D:\Unity\MusicProgram\Library\PackageCache\com.unity.modules.cloth)
    com.unity.modules.director@1.0.0 (location: D:\Unity\MusicProgram\Library\PackageCache\com.unity.modules.director)
    com.unity.modules.imageconversion@1.0.0 (location: D:\Unity\MusicProgram\Library\PackageCache\com.unity.modules.imageconversion)
    com.unity.modules.imgui@1.0.0 (location: D:\Unity\MusicProgram\Library\PackageCache\com.unity.modules.imgui)
    com.unity.modules.jsonserialize@1.0.0 (location: D:\Unity\MusicProgram\Library\PackageCache\com.unity.modules.jsonserialize)
    com.unity.modules.particlesystem@1.0.0 (location: D:\Unity\MusicProgram\Library\PackageCache\com.unity.modules.particlesystem)
    com.unity.modules.physics@1.0.0 (location: D:\Unity\MusicProgram\Library\PackageCache\com.unity.modules.physics)
    com.unity.modules.physics2d@1.0.0 (location: D:\Unity\MusicProgram\Library\PackageCache\com.unity.modules.physics2d)
    com.unity.modules.screencapture@1.0.0 (location: D:\Unity\MusicProgram\Library\PackageCache\com.unity.modules.screencapture)
    com.unity.modules.terrain@1.0.0 (location: D:\Unity\MusicProgram\Library\PackageCache\com.unity.modules.terrain)
    com.unity.modules.terrainphysics@1.0.0 (location: D:\Unity\MusicProgram\Library\PackageCache\com.unity.modules.terrainphysics)
    com.unity.modules.tilemap@1.0.0 (location: D:\Unity\MusicProgram\Library\PackageCache\com.unity.modules.tilemap)
    com.unity.modules.ui@1.0.0 (location: D:\Unity\MusicProgram\Library\PackageCache\com.unity.modules.ui)
    com.unity.modules.uielements@1.0.0 (location: D:\Unity\MusicProgram\Library\PackageCache\com.unity.modules.uielements)
    com.unity.modules.umbra@1.0.0 (location: D:\Unity\MusicProgram\Library\PackageCache\com.unity.modules.umbra)
    com.unity.modules.unityanalytics@1.0.0 (location: D:\Unity\MusicProgram\Library\PackageCache\com.unity.modules.unityanalytics)
    com.unity.modules.unitywebrequest@1.0.0 (location: D:\Unity\MusicProgram\Library\PackageCache\com.unity.modules.unitywebrequest)
    com.unity.modules.unitywebrequestassetbundle@1.0.0 (location: D:\Unity\MusicProgram\Library\PackageCache\com.unity.modules.unitywebrequestassetbundle)
    com.unity.modules.unitywebrequestaudio@1.0.0 (location: D:\Unity\MusicProgram\Library\PackageCache\com.unity.modules.unitywebrequestaudio)
    com.unity.modules.unitywebrequesttexture@1.0.0 (location: D:\Unity\MusicProgram\Library\PackageCache\com.unity.modules.unitywebrequesttexture)
    com.unity.modules.unitywebrequestwww@1.0.0 (location: D:\Unity\MusicProgram\Library\PackageCache\com.unity.modules.unitywebrequestwww)
    com.unity.modules.vectorgraphics@1.0.0 (location: D:\Unity\MusicProgram\Library\PackageCache\com.unity.modules.vectorgraphics)
    com.unity.modules.vehicles@1.0.0 (location: D:\Unity\MusicProgram\Library\PackageCache\com.unity.modules.vehicles)
    com.unity.modules.video@1.0.0 (location: D:\Unity\MusicProgram\Library\PackageCache\com.unity.modules.video)
    com.unity.modules.vr@1.0.0 (location: D:\Unity\MusicProgram\Library\PackageCache\com.unity.modules.vr)
    com.unity.modules.wind@1.0.0 (location: D:\Unity\MusicProgram\Library\PackageCache\com.unity.modules.wind)
    com.unity.modules.xr@1.0.0 (location: D:\Unity\MusicProgram\Library\PackageCache\com.unity.modules.xr)
    com.unity.modules.subsystems@1.0.0 (location: D:\Unity\MusicProgram\Library\PackageCache\com.unity.modules.subsystems)
    com.unity.modules.hierarchycore@1.0.0 (location: D:\Unity\MusicProgram\Library\PackageCache\com.unity.modules.hierarchycore)
    com.unity.ext.nunit@2.0.5 (location: D:\Unity\MusicProgram\Library\PackageCache\com.unity.ext.nunit@d8c07649098d)
    com.unity.render-pipelines.core@17.3.0 (location: D:\Unity\MusicProgram\Library\PackageCache\com.unity.render-pipelines.core@d6dfd1e235d5)
    com.unity.shadergraph@17.3.0 (location: D:\Unity\MusicProgram\Library\PackageCache\com.unity.shadergraph@0afb4c072efd)
    com.unity.render-pipelines.universal-config@17.0.3 (location: D:\Unity\MusicProgram\Library\PackageCache\com.unity.render-pipelines.universal-config@8dc1aab4af1d)
  Embedded packages:
    com.cqf.urpvolumetricfog@file:D:\Unity\MusicProgram\Packages\com.cqf.urpvolumetricfog (location: D:\Unity\MusicProgram\Packages\com.cqf.urpvolumetricfog)
[Subsystems] Looking for new subsystems at path D:\Unity\MusicProgram\Library\PackageCache\com.unity.xr.openxr@ef0033a586bf
[Subsystems] Novel subsystem found at Library/PackageCache/com.unity.xr.openxr@ef0033a586bf/Runtime/UnitySubsystemsManifest.json
[Subsystems] Discovering subsystems at path D:/6000.3.7f1/Editor/Data/Resources/UnitySubsystems
[Subsystems] Discovering subsystems at path D:/Unity/MusicProgram/Assets
[Subsystems] Discovering subsystems at path D:\Unity\MusicProgram\Library\PackageCache\com.unity.xr.openxr@ef0033a586bf
[Subsystems] No descriptors matched for  examples in Library/PackageCache/com.unity.xr.openxr@ef0033a586bf/Runtime/UnitySubsystemsManifest.json.
[Subsystems] 1 'inputs' descriptors matched in Library/PackageCache/com.unity.xr.openxr@ef0033a586bf/Runtime/UnitySubsystemsManifest.json
[Subsystems] 1 'displays' descriptors matched in Library/PackageCache/com.unity.xr.openxr@ef0033a586bf/Runtime/UnitySubsystemsManifest.json
[Subsystems] No descriptors matched for  meshings in Library/PackageCache/com.unity.xr.openxr@ef0033a586bf/Runtime/UnitySubsystemsManifest.json.
[Package Manager] Done registering packages in 0.03 seconds
Starting: D:\6000.3.7f1\Editor\Data\Tools\BuildPipeline\bee_backend.exe --ipc --defer-dag-verification --dagfile="Library/Bee/1900b0aEDbg.dag" --continue-on-failure --profile="Library/Bee/backend1.traceevents" ScriptAssemblies
WorkingDir: D:/Unity/MusicProgram
DisplayProgressbar: Compiling Scripts
ExitCode: 0 Duration: 0s262ms
[ 975/1273  0s] ILPP-Configuration Library/ilpp-configuration.nevergeneratedoutput
*** Tundra build success (0.23 seconds), 1 items updated, 1273 evaluated
AssetDatabase: script compilation time: 0.750101s
Begin MonoManager ReloadAssembly
- Loaded All Assemblies, in  0.789 seconds
'Assets/ThirdParty/CrestWater4/Scripts/LodData/RegisterLodDataInput.cs' contains partial class of Unity.Object, exactly 1 of the partial classes needs to be in a file with the same filename. This is to know the one that can be referenced from ie. GameObjects
'Assets/ThirdParty/CrestWater4/Scripts/LodData/RegisterLodDataInput.cs' contains partial class of Unity.Object, exactly 1 of the partial classes needs to be in a file with the same filename. This is to know the one that can be referenced from ie. GameObjects
Refreshing native plugins compatible for Editor in 10.02 ms, found 10 plugins.
Native extension for WindowsStandalone target not found
Refreshing native plugins compatible for Editor in 9.24 ms, found 10 plugins.
ScheduleIndexationOnStartup MainProcess:True IndexOnStartup:True
Mono: successfully reloaded assembly
- Finished resetting the current domain, in  3.881 seconds
Domain Reload Profiling: 4669ms
	BeginReloadAssembly (290ms)
		ExecutionOrderSort (0ms)
		DisableScriptedObjects (8ms)
		BackupInstance (0ms)
		ReleaseScriptingObjects (0ms)
		CreateAndSetChildDomain (154ms)
	RebuildCommonClasses (25ms)
	RebuildNativeTypeToScriptingClass (9ms)
	initialDomainReloadingComplete (21ms)
	LoadAllAssembliesAndSetupDomain (444ms)
		LoadAssemblies (351ms)
		RebuildTransferFunctionScriptingTraits (0ms)
		AnalyzeDomain (200ms)
			TypeCache.Refresh (137ms)
				TypeCache.ScanAssembly (127ms)
			BuildScriptInfoCaches (50ms)
			ResolveRequiredComponents (9ms)
	FinalizeReload (3881ms)
		ReleaseScriptCaches (0ms)
		RebuildScriptCaches (0ms)
		SetupLoadedEditorAssemblies (3680ms)
			LogAssemblyErrors (0ms)
			InitializePlatformSupportModulesInManaged (13ms)
			SetLoadedEditorAssemblies (4ms)
			BeforeProcessingInitializeOnLoad (166ms)
			ProcessInitializeOnLoadAttributes (3406ms)
			ProcessInitializeOnLoadMethodAttributes (89ms)
			AfterProcessingInitializeOnLoad (2ms)
			EditorAssembliesLoaded (1ms)
		ExecutionOrderSort2 (0ms)
		AwakeInstancesAfterBackupRestoration (9ms)
Asset Pipeline Refresh (id=f424ca2dc577b24498decb66ecbc77a5): Total: 6.113 seconds - Initiated by InitialRefreshV2(ForceSynchronousImport)
	Summary:
		Imports: total=0 (actual=0, local cache=0, cache server=0)
		Asset DB Process Time: managed=0 ms, native=4429 ms
		Asset DB Callback time: managed=22 ms, native=33 ms
		Scripting: domain reloads=1, domain reload time=789 ms, compile time=751 ms, other=87 ms
		Project Asset Count: scripts=1777, non-scripts=2910
		Asset File Changes: new=0, changed=0, moved=0, deleted=0
		Scan Filter Count: 0
	InvokeCustomDependenciesCallbacks: 0.001ms
	InvokePackagesCallback: 36.253ms
	ApplyChangesToAssetFolders: 0.670ms
	Scan: 176.839ms
	OnSourceAssetsModified: 0.002ms
	CategorizeAssetsWithTransientArtifact: 46.330ms
	ProcessAssetsWithTransientArtifactChanges: 78.548ms
	CategorizeAssets: 46.493ms
	ImportOutOfDateAssets: 3910.397ms (3157.576ms without children)
		CompileScripts: 750.973ms
		ReloadNativeAssets: 0.038ms
		UnloadImportedAssets: 0.900ms
		EnsureUptoDateAssetsAreRegisteredWithGuidPM: 0.578ms
		InitializingProgressBar: 0.001ms
		PostProcessAllAssetNotificationsAddChangedAssets: 0.001ms
		OnDemandSchedulerStart: 0.330ms
	PostProcessAllAssets: 23.051ms
	GatherAllCurrentPrimaryArtifactRevisions: 0.003ms
	UnloadStreamsBegin: 2.583ms
	PersistCurrentRevisions: 0.096ms
	UnloadStreamsEnd: 0.001ms
	GenerateScriptTypeHashes: 3.178ms
	Untracked: 1792.086ms

Application.AssetDatabase Initial Refresh End
Launched and connected shader compiler UnityShaderCompiler.exe after 0.01 seconds
Scanning for USB devices : 7.750ms
Initializing Unity extensions:
[MODES] ModeService[none].Initialize
[MODES] ModeService[none].LoadModes
[MODES] Loading mode Default (0) for mode-current-id-VR-test
Unloading 31 Unused Serialized files (Serialized files now loaded: 0)
Unloading 7805 unused Assets / (8.1 MB). Loaded Objects now: 8684.
Memory consumption went from 232.6 MB to 224.6 MB.
Total: 10.721500 ms (FindLiveObjects: 0.798600 ms CreateObjectMapping: 0.266800 ms MarkObjects: 6.827800 ms  DeleteObjects: 2.827400 ms)

Start importing Assets/CrestURP/Samples/Materials/CrestURP_Underwater.mat using Guid(1beb8d1665aef4547bb8f6dc0416adca) (NativeFormatImporter) -> (artifact id: '1ec1081259d01c70267599cd59147904') in 0.0062383 seconds
Start importing Assets/CrestURP/Samples/Materials/CrestURP_Ocean.mat using Guid(6ba34bfa07b1def46a8010bfb57c40d7) (NativeFormatImporter) -> (artifact id: '61fe870ec316e9bb7e0bc156beb9345f') in 0.0018888 seconds
Start importing Assets/Settings/PC_Renderer.asset using Guid(f288ae1f4751b564a96ac7587541f7a2) (NativeFormatImporter) -> (artifact id: '36733cf91188a29df1a33556aefdeb63') in 0.0018926 seconds
Refreshing native plugins compatible for Editor in 11.48 ms, found 10 plugins.
Preloading 0 native plugins for Editor in 0.00 ms.
Asset Pipeline Refresh (id=08a49bd74cdd8ca4cbc11ae02db2c409): Total: 0.246 seconds - Initiated by StopAssetImportingV2(NoUpdateAssetOptions)
Unloading 14 Unused Serialized files (Serialized files now loaded: 0)
Unloading 47 unused Assets / (26.4 KB). Loaded Objects now: 8700.
Memory consumption went from 310.5 MB to 310.5 MB.
Total: 7.248600 ms (FindLiveObjects: 0.250000 ms CreateObjectMapping: 0.109200 ms MarkObjects: 6.836100 ms  DeleteObjects: 0.052800 ms)

Start importing Assets/CrestURP/Samples/Materials/Coral.mat using Guid(94e5ebe9d8f4ffc49aff33cb599d5122) (NativeFormatImporter) -> (artifact id: 'c86b46c11cd6ec287763899391a5c7d7') in 0.0028085 seconds
Start importing Assets/CrestURP/Samples/Materials/CrestURP_Ocean.mat using Guid(6ba34bfa07b1def46a8010bfb57c40d7) (NativeFormatImporter) -> (artifact id: '6b0afe720770471a36eee94f118d4673') in 0.0023885 seconds
Start importing Assets/CrestURP/Samples/Materials/Metal.mat using Guid(7b124359627bb37479051a505064a4f0) (NativeFormatImporter) -> (artifact id: '9f93d9c22ec473fd5ca99bd95326a876') in 0.0036846 seconds
Start importing Assets/CrestURP/Samples/Materials/Rock.mat using Guid(be6fead0f64cd29438f14b9115be68f1) (NativeFormatImporter) -> (artifact id: 'ae41fad237f759a0d983e8f1cdd69005') in 0.0019793 seconds
Start importing Assets/CrestURP/Samples/Materials/OceanSky.mat using Guid(fe242e6cea326fb4d9f797af6213b4b1) (NativeFormatImporter) -> (artifact id: 'de6bf1c4f16f3382f17067c66b9494aa') in 0.0017253 seconds
Start importing Assets/CrestURP/Samples/Materials/Buoy.mat using Guid(0f5068a156ef19e42ba2c2b1fe749f49) (NativeFormatImporter) -> (artifact id: '1c77cfa73539654d44c13ac335c197d4') in 0.0017111 seconds
Start importing Assets/CrestURP/Samples/Materials/Seafloor.mat using Guid(7fc8241790dfa6341b08bfe7068c15f3) (NativeFormatImporter) -> (artifact id: '73eb00b65b0c1f3b4c7f6e1b111fb5e4') in 0.0025387 seconds
Start importing Assets/CrestURP/Samples/CrestURP_DynamicWaves.asset using Guid(919265c3a77dc11429fd64780855c039) (NativeFormatImporter) -> (artifact id: 'b4b4d5ddeaabada120339905cdf0403b') in 0.0029631 seconds
Refreshing native plugins compatible for Editor in 10.86 ms, found 10 plugins.
Preloading 0 native plugins for Editor in 0.00 ms.
Asset Pipeline Refresh (id=cf9eef12518f6684ea02c75628dcfc18): Total: 0.155 seconds - Initiated by StopAssetImportingV2(NoUpdateAssetOptions)
Start importing Assets/CrestURP/Samples/CrestURPShowcase.unity using Guid(d73ba0b2a62c39442bcdeec5cd8b015f) (DefaultImporter) -> (artifact id: '1dc935ad881f52d8f43fe8751e0d7926') in 0.0014633 seconds
Refreshing native plugins compatible for Editor in 12.86 ms, found 10 plugins.
Preloading 0 native plugins for Editor in 0.00 ms.
Asset Pipeline Refresh (id=2e7d87187f2db474986ccc1160135d67): Total: 0.060 seconds - Initiated by StopAssetImportingV2(NoUpdateAssetOptions)
Start importing Assets/CrestURP/Samples/CrestURPBuildVersion.txt using Guid(953a722255c1f8241a2033f374963b9b) (TextScriptImporter) -> (artifact id: 'd0dfd61457052013f55f6c015e63d394') in 0.002672 seconds
Refreshing native plugins compatible for Editor in 9.84 ms, found 10 plugins.
Preloading 0 native plugins for Editor in 0.00 ms.
Asset Pipeline Refresh (id=9f05cc1a49b7e194da78c3d08af82581): Total: 0.058 seconds - Initiated by StopAssetImportingV2(NoUpdateAssetOptions)
Asset Pipeline Refresh (id=3ab4faee88da88b47a0b9d8122dbbbfb): Total: 0.014 seconds - Initiated by RefreshV2(NoUpdateAssetOptions)
Crest URP: complete showcase created at Assets/CrestURP/Samples/CrestURPShowcase.unity. Use WASD/QE and hold right mouse button in non-XR play mode; in OpenXR the headset drives the camera.
UnityEngine.Debug:ExtractStackTraceNoAlloc (byte*,int,string)
UnityEngine.StackTraceUtility:ExtractStackTrace ()
UnityEngine.DebugLogHandler:Internal_Log (UnityEngine.LogType,UnityEngine.LogOption,string,UnityEngine.Object)
UnityEngine.DebugLogHandler:LogFormat (UnityEngine.LogType,UnityEngine.Object,string,object[])
UnityEngine.Logger:Log (UnityEngine.LogType,object)
UnityEngine.Debug:Log (object)
MusicProgram.CrestURP.Editor.CrestURPShowcaseBuilder:BuildShowcase () (at Assets/CrestURP/Editor/CrestURPShowcaseBuilder.cs:165)

(Filename: Assets/CrestURP/Editor/CrestURPShowcaseBuilder.cs Line: 165)

Batchmode quit successfully invoked - shutting down!
[Physics::Module] Cleanup current backend.
[Physics::Module] Id: 0xf2b8ea05
Input System module state changed to: ShutdownInProgress.
Input System polling thread exited.
Input System module state changed to: Shutdown.
[Licensing::IpcConnector] LicenseClient-sky-notifications channel disconnected successfully.
[Licensing::IpcConnector] LicenseClient-sky channel disconnected successfully.
AcceleratorClientConnectionCallback - disconnected - :0
Cleanup mono
Exiting batchmode successfully now!
Exiting without the bug reporter. Application will terminate with return code 0